#! /c/Source/iverilog-install/bin/vvp
:ivl_version "12.0 (devel)" "(s20150603-1110-g18392a46)";
:ivl_delay_selection "TYPICAL";
:vpi_time_precision + 0;
:vpi_module "C:\iverilog\lib\ivl\system.vpi";
:vpi_module "C:\iverilog\lib\ivl\vhdl_sys.vpi";
:vpi_module "C:\iverilog\lib\ivl\vhdl_textio.vpi";
:vpi_module "C:\iverilog\lib\ivl\v2005_math.vpi";
:vpi_module "C:\iverilog\lib\ivl\va_math.vpi";
S_00000191c12fa9b0 .scope module, "mux_2to1_tb" "mux_2to1_tb" 2 1;
 .timescale 0 0;
v00000191c12f6640_0 .var "a", 0 0;
v00000191c12f66e0_0 .var "b", 0 0;
v00000191c12f6780_0 .var "s", 0 0;
v00000191c12f6820_0 .net "y", 0 0, L_00000191c14dca30;  1 drivers
S_00000191c12fab40 .scope module, "dut" "mux_2to1" 2 8, 3 1 0, S_00000191c12fa9b0;
 .timescale 0 0;
    .port_info 0 /INPUT 1 "a";
    .port_info 1 /INPUT 1 "b";
    .port_info 2 /INPUT 1 "s";
    .port_info 3 /OUTPUT 1 "y";
L_00000191c14dc8e0 .functor NOT 1, v00000191c12f6780_0, C4<0>, C4<0>, C4<0>;
L_00000191c14dcaa0 .functor AND 1, L_00000191c14dc8e0, v00000191c12f6640_0, C4<1>, C4<1>;
L_00000191c14dccd0 .functor AND 1, v00000191c12f6780_0, v00000191c12f66e0_0, C4<1>, C4<1>;
L_00000191c14dca30 .functor OR 1, L_00000191c14dcaa0, L_00000191c14dccd0, C4<0>, C4<0>;
v00000191c12f6cb0_0 .net *"_ivl_0", 0 0, L_00000191c14dc8e0;  1 drivers
v00000191c14954d0_0 .net *"_ivl_2", 0 0, L_00000191c14dcaa0;  1 drivers
v00000191c12fa700_0 .net *"_ivl_4", 0 0, L_00000191c14dccd0;  1 drivers
v00000191c12f63c0_0 .net "a", 0 0, v00000191c12f6640_0;  1 drivers
v00000191c12f6460_0 .net "b", 0 0, v00000191c12f66e0_0;  1 drivers
v00000191c12f6500_0 .net "s", 0 0, v00000191c12f6780_0;  1 drivers
v00000191c12f65a0_0 .net "y", 0 0, L_00000191c14dca30;  alias, 1 drivers
    .scope S_00000191c12fa9b0;
T_0 ;
    %vpi_call 2 16 "$dumpfile", "mux_2to1.vcd" {0 0 0};
    %vpi_call 2 17 "$dumpvars", 32'sb00000000000000000000000000000000, S_00000191c12fa9b0 {0 0 0};
    %vpi_call 2 19 "$monitor", "Time=%0t a=%b b=%b s=%b y=%b", $time, v00000191c12f6640_0, v00000191c12f66e0_0, v00000191c12f6780_0, v00000191c12f6820_0 {0 0 0};
    %pushi/vec4 0, 0, 1;
    %store/vec4 v00000191c12f6640_0, 0, 1;
    %pushi/vec4 0, 0, 1;
    %store/vec4 v00000191c12f66e0_0, 0, 1;
    %pushi/vec4 0, 0, 1;
    %store/vec4 v00000191c12f6780_0, 0, 1;
    %delay 10, 0;
    %pushi/vec4 0, 0, 1;
    %store/vec4 v00000191c12f6640_0, 0, 1;
    %pushi/vec4 1, 0, 1;
    %store/vec4 v00000191c12f66e0_0, 0, 1;
    %pushi/vec4 0, 0, 1;
    %store/vec4 v00000191c12f6780_0, 0, 1;
    %delay 10, 0;
    %pushi/vec4 1, 0, 1;
    %store/vec4 v00000191c12f6640_0, 0, 1;
    %pushi/vec4 0, 0, 1;
    %store/vec4 v00000191c12f66e0_0, 0, 1;
    %pushi/vec4 0, 0, 1;
    %store/vec4 v00000191c12f6780_0, 0, 1;
    %delay 10, 0;
    %pushi/vec4 1, 0, 1;
    %store/vec4 v00000191c12f6640_0, 0, 1;
    %pushi/vec4 1, 0, 1;
    %store/vec4 v00000191c12f66e0_0, 0, 1;
    %pushi/vec4 0, 0, 1;
    %store/vec4 v00000191c12f6780_0, 0, 1;
    %delay 10, 0;
    %pushi/vec4 0, 0, 1;
    %store/vec4 v00000191c12f6640_0, 0, 1;
    %pushi/vec4 0, 0, 1;
    %store/vec4 v00000191c12f66e0_0, 0, 1;
    %pushi/vec4 1, 0, 1;
    %store/vec4 v00000191c12f6780_0, 0, 1;
    %delay 10, 0;
    %pushi/vec4 0, 0, 1;
    %store/vec4 v00000191c12f6640_0, 0, 1;
    %pushi/vec4 1, 0, 1;
    %store/vec4 v00000191c12f66e0_0, 0, 1;
    %pushi/vec4 1, 0, 1;
    %store/vec4 v00000191c12f6780_0, 0, 1;
    %delay 10, 0;
    %pushi/vec4 1, 0, 1;
    %store/vec4 v00000191c12f6640_0, 0, 1;
    %pushi/vec4 0, 0, 1;
    %store/vec4 v00000191c12f66e0_0, 0, 1;
    %pushi/vec4 1, 0, 1;
    %store/vec4 v00000191c12f6780_0, 0, 1;
    %delay 10, 0;
    %pushi/vec4 1, 0, 1;
    %store/vec4 v00000191c12f6640_0, 0, 1;
    %pushi/vec4 1, 0, 1;
    %store/vec4 v00000191c12f66e0_0, 0, 1;
    %pushi/vec4 1, 0, 1;
    %store/vec4 v00000191c12f6780_0, 0, 1;
    %delay 10, 0;
    %vpi_call 2 45 "$finish" {0 0 0};
    %end;
    .thread T_0;
# The file index is used to find the file name in the following table.
:file_names 4;
    "N/A";
    "<interactive>";
    "tb/mux_2to1_tb.v";
    "rtl/mux_2to1.v";
