#! /c/Source/iverilog-install/bin/vvp
:ivl_version "12.0 (devel)" "(s20150603-1110-g18392a46)";
:ivl_delay_selection "TYPICAL";
:vpi_time_precision + 0;
:vpi_module "C:\iverilog\lib\ivl\system.vpi";
:vpi_module "C:\iverilog\lib\ivl\vhdl_sys.vpi";
:vpi_module "C:\iverilog\lib\ivl\vhdl_textio.vpi";
:vpi_module "C:\iverilog\lib\ivl\v2005_math.vpi";
:vpi_module "C:\iverilog\lib\ivl\va_math.vpi";
S_0000024588d85c30 .scope module, "full_adder_tb" "full_adder_tb" 2 1;
 .timescale 0 0;
v0000024588de07d0_0 .var "a", 0 0;
v0000024588de0870_0 .var "b", 0 0;
v0000024588de0050_0 .net "carry1", 0 0, L_0000024588d847d0;  1 drivers
v0000024588de0190_0 .net "carry2", 0 0, L_0000024588d84c30;  1 drivers
v0000024588de00f0_0 .var "cin", 0 0;
v0000024588de04b0_0 .net "cout", 0 0, L_0000024588d84a00;  1 drivers
v0000024588de0a50_0 .net "sum", 0 0, L_0000024588d84840;  1 drivers
v0000024588de0c30_0 .net "sum1", 0 0, L_0000024588d84b50;  1 drivers
S_0000024588d85dc0 .scope module, "dut" "full_adder" 2 12, 3 1 0, S_0000024588d85c30;
 .timescale 0 0;
    .port_info 0 /INPUT 1 "a";
    .port_info 1 /INPUT 1 "b";
    .port_info 2 /INPUT 1 "cin";
    .port_info 3 /OUTPUT 1 "sum1";
    .port_info 4 /OUTPUT 1 "carry1";
    .port_info 5 /OUTPUT 1 "sum";
    .port_info 6 /OUTPUT 1 "carry2";
    .port_info 7 /OUTPUT 1 "cout";
L_0000024588d84b50 .functor XOR 1, v0000024588de07d0_0, v0000024588de0870_0, C4<0>, C4<0>;
L_0000024588d847d0 .functor AND 1, v0000024588de07d0_0, v0000024588de0870_0, C4<1>, C4<1>;
L_0000024588d84840 .functor XOR 1, L_0000024588d84b50, v0000024588de00f0_0, C4<0>, C4<0>;
L_0000024588d84c30 .functor AND 1, L_0000024588d84b50, v0000024588de00f0_0, C4<1>, C4<1>;
L_0000024588d84a00 .functor OR 1, L_0000024588d847d0, L_0000024588d84c30, C4<0>, C4<0>;
v0000024588f16cc0_0 .net "a", 0 0, v0000024588de07d0_0;  1 drivers
v0000024588f1be90_0 .net "b", 0 0, v0000024588de0870_0;  1 drivers
v0000024588d85f50_0 .net "carry1", 0 0, L_0000024588d847d0;  alias, 1 drivers
v0000024588d85ff0_0 .net "carry2", 0 0, L_0000024588d84c30;  alias, 1 drivers
v0000024588d96670_0 .net "cin", 0 0, v0000024588de00f0_0;  1 drivers
v0000024588d96710_0 .net "cout", 0 0, L_0000024588d84a00;  alias, 1 drivers
v0000024588d967b0_0 .net "sum", 0 0, L_0000024588d84840;  alias, 1 drivers
v0000024588de0eb0_0 .net "sum1", 0 0, L_0000024588d84b50;  alias, 1 drivers
    .scope S_0000024588d85c30;
T_0 ;
    %vpi_call 2 24 "$dumpfile", "full_adder.vcd" {0 0 0};
    %vpi_call 2 25 "$dumpvars", 32'sb00000000000000000000000000000000, S_0000024588d85c30 {0 0 0};
    %vpi_call 2 27 "$monitor", "Time=%0t a=%b b=%b cin=%b sum1=%b carry1=%b carry2=%b sum=%b cout=%b", $time, v0000024588de07d0_0, v0000024588de0870_0, v0000024588de00f0_0, v0000024588de0c30_0, v0000024588de0050_0, v0000024588de0190_0, v0000024588de0a50_0, v0000024588de04b0_0 {0 0 0};
    %pushi/vec4 0, 0, 1;
    %store/vec4 v0000024588de07d0_0, 0, 1;
    %pushi/vec4 0, 0, 1;
    %store/vec4 v0000024588de0870_0, 0, 1;
    %pushi/vec4 0, 0, 1;
    %store/vec4 v0000024588de00f0_0, 0, 1;
    %delay 10, 0;
    %pushi/vec4 0, 0, 1;
    %store/vec4 v0000024588de07d0_0, 0, 1;
    %pushi/vec4 0, 0, 1;
    %store/vec4 v0000024588de0870_0, 0, 1;
    %pushi/vec4 1, 0, 1;
    %store/vec4 v0000024588de00f0_0, 0, 1;
    %delay 10, 0;
    %pushi/vec4 0, 0, 1;
    %store/vec4 v0000024588de07d0_0, 0, 1;
    %pushi/vec4 1, 0, 1;
    %store/vec4 v0000024588de0870_0, 0, 1;
    %pushi/vec4 0, 0, 1;
    %store/vec4 v0000024588de00f0_0, 0, 1;
    %delay 10, 0;
    %pushi/vec4 0, 0, 1;
    %store/vec4 v0000024588de07d0_0, 0, 1;
    %pushi/vec4 1, 0, 1;
    %store/vec4 v0000024588de0870_0, 0, 1;
    %pushi/vec4 1, 0, 1;
    %store/vec4 v0000024588de00f0_0, 0, 1;
    %delay 10, 0;
    %pushi/vec4 1, 0, 1;
    %store/vec4 v0000024588de07d0_0, 0, 1;
    %pushi/vec4 0, 0, 1;
    %store/vec4 v0000024588de0870_0, 0, 1;
    %pushi/vec4 0, 0, 1;
    %store/vec4 v0000024588de00f0_0, 0, 1;
    %delay 10, 0;
    %pushi/vec4 1, 0, 1;
    %store/vec4 v0000024588de07d0_0, 0, 1;
    %pushi/vec4 0, 0, 1;
    %store/vec4 v0000024588de0870_0, 0, 1;
    %pushi/vec4 1, 0, 1;
    %store/vec4 v0000024588de00f0_0, 0, 1;
    %delay 10, 0;
    %pushi/vec4 1, 0, 1;
    %store/vec4 v0000024588de07d0_0, 0, 1;
    %pushi/vec4 1, 0, 1;
    %store/vec4 v0000024588de0870_0, 0, 1;
    %pushi/vec4 0, 0, 1;
    %store/vec4 v0000024588de00f0_0, 0, 1;
    %delay 10, 0;
    %pushi/vec4 1, 0, 1;
    %store/vec4 v0000024588de07d0_0, 0, 1;
    %pushi/vec4 1, 0, 1;
    %store/vec4 v0000024588de0870_0, 0, 1;
    %pushi/vec4 1, 0, 1;
    %store/vec4 v0000024588de00f0_0, 0, 1;
    %delay 10, 0;
    %vpi_call 2 53 "$finish" {0 0 0};
    %end;
    .thread T_0;
# The file index is used to find the file name in the following table.
:file_names 4;
    "N/A";
    "<interactive>";
    "tb/full_adder_tb.v";
    "rtl/full_adder.v";
