#! /c/Source/iverilog-install/bin/vvp
:ivl_version "12.0 (devel)" "(s20150603-1110-g18392a46)";
:ivl_delay_selection "TYPICAL";
:vpi_time_precision - 12;
:vpi_module "C:\iverilog\lib\ivl\system.vpi";
:vpi_module "C:\iverilog\lib\ivl\vhdl_sys.vpi";
:vpi_module "C:\iverilog\lib\ivl\vhdl_textio.vpi";
:vpi_module "C:\iverilog\lib\ivl\v2005_math.vpi";
:vpi_module "C:\iverilog\lib\ivl\va_math.vpi";
S_000002200188a3f0 .scope module, "mux_4to1_tb" "mux_4to1_tb" 2 3;
 .timescale -9 -12;
v00000220018865a0_0 .var "a", 0 0;
v0000022001886640_0 .var "b", 0 0;
v00000220018866e0_0 .var "c", 0 0;
v0000022001886780_0 .var "d", 0 0;
v0000022001886820_0 .var "expected", 0 0;
v00000220016f4630_0 .var/i "i", 31 0;
v00000220016f46d0_0 .var "s0", 0 0;
v00000220016f4770_0 .var "s1", 0 0;
v00000220016f4810_0 .net "y", 0 0, v0000022001886500_0;  1 drivers
S_000002200188bc50 .scope module, "dut" "mux_4to1" 2 13, 3 1 0, S_000002200188a3f0;
 .timescale 0 0;
    .port_info 0 /INPUT 1 "a";
    .port_info 1 /INPUT 1 "b";
    .port_info 2 /INPUT 1 "c";
    .port_info 3 /INPUT 1 "d";
    .port_info 4 /INPUT 1 "s0";
    .port_info 5 /INPUT 1 "s1";
    .port_info 6 /OUTPUT 1 "y";
v0000022001886a90_0 .net "a", 0 0, v00000220018865a0_0;  1 drivers
v0000022001706d70_0 .net "b", 0 0, v0000022001886640_0;  1 drivers
v000002200188bde0_0 .net "c", 0 0, v00000220018866e0_0;  1 drivers
v000002200188be80_0 .net "d", 0 0, v0000022001886780_0;  1 drivers
v00000220018863c0_0 .net "s0", 0 0, v00000220016f46d0_0;  1 drivers
v0000022001886460_0 .net "s1", 0 0, v00000220016f4770_0;  1 drivers
v0000022001886500_0 .var "y", 0 0;
E_00000220017086b0/0 .event anyedge, v0000022001886460_0, v00000220018863c0_0, v0000022001886a90_0, v0000022001706d70_0;
E_00000220017086b0/1 .event anyedge, v000002200188bde0_0, v000002200188be80_0;
E_00000220017086b0 .event/or E_00000220017086b0/0, E_00000220017086b0/1;
    .scope S_000002200188bc50;
T_0 ;
    %wait E_00000220017086b0;
    %load/vec4 v0000022001886460_0;
    %load/vec4 v00000220018863c0_0;
    %concat/vec4; draw_concat_vec4
    %dup/vec4;
    %pushi/vec4 0, 0, 2;
    %cmp/u;
    %jmp/1 T_0.0, 6;
    %dup/vec4;
    %pushi/vec4 1, 0, 2;
    %cmp/u;
    %jmp/1 T_0.1, 6;
    %dup/vec4;
    %pushi/vec4 2, 0, 2;
    %cmp/u;
    %jmp/1 T_0.2, 6;
    %dup/vec4;
    %pushi/vec4 3, 0, 2;
    %cmp/u;
    %jmp/1 T_0.3, 6;
    %jmp T_0.4;
T_0.0 ;
    %load/vec4 v0000022001886a90_0;
    %store/vec4 v0000022001886500_0, 0, 1;
    %jmp T_0.4;
T_0.1 ;
    %load/vec4 v0000022001706d70_0;
    %store/vec4 v0000022001886500_0, 0, 1;
    %jmp T_0.4;
T_0.2 ;
    %load/vec4 v000002200188bde0_0;
    %store/vec4 v0000022001886500_0, 0, 1;
    %jmp T_0.4;
T_0.3 ;
    %load/vec4 v000002200188be80_0;
    %store/vec4 v0000022001886500_0, 0, 1;
    %jmp T_0.4;
T_0.4 ;
    %pop/vec4 1;
    %jmp T_0;
    .thread T_0, $push;
    .scope S_000002200188a3f0;
T_1 ;
    %vpi_call 2 24 "$dumpfile", "waveform/mux_4to1.vcd" {0 0 0};
    %vpi_call 2 25 "$dumpvars", 32'sb00000000000000000000000000000000, S_000002200188a3f0 {0 0 0};
    %pushi/vec4 0, 0, 32;
    %store/vec4 v00000220016f4630_0, 0, 32;
T_1.0 ;
    %load/vec4 v00000220016f4630_0;
    %cmpi/s 64, 0, 32;
    %jmp/0xz T_1.1, 5;
    %load/vec4 v00000220016f4630_0;
    %pad/s 6;
    %split/vec4 1;
    %store/vec4 v00000220016f4770_0, 0, 1;
    %split/vec4 1;
    %store/vec4 v00000220016f46d0_0, 0, 1;
    %split/vec4 1;
    %store/vec4 v0000022001886780_0, 0, 1;
    %split/vec4 1;
    %store/vec4 v00000220018866e0_0, 0, 1;
    %split/vec4 1;
    %store/vec4 v0000022001886640_0, 0, 1;
    %store/vec4 v00000220018865a0_0, 0, 1;
    %delay 10000, 0;
    %load/vec4 v00000220016f4770_0;
    %load/vec4 v00000220016f46d0_0;
    %concat/vec4; draw_concat_vec4
    %dup/vec4;
    %pushi/vec4 0, 0, 2;
    %cmp/u;
    %jmp/1 T_1.2, 6;
    %dup/vec4;
    %pushi/vec4 1, 0, 2;
    %cmp/u;
    %jmp/1 T_1.3, 6;
    %dup/vec4;
    %pushi/vec4 2, 0, 2;
    %cmp/u;
    %jmp/1 T_1.4, 6;
    %dup/vec4;
    %pushi/vec4 3, 0, 2;
    %cmp/u;
    %jmp/1 T_1.5, 6;
    %jmp T_1.6;
T_1.2 ;
    %load/vec4 v00000220018865a0_0;
    %store/vec4 v0000022001886820_0, 0, 1;
    %jmp T_1.6;
T_1.3 ;
    %load/vec4 v0000022001886640_0;
    %store/vec4 v0000022001886820_0, 0, 1;
    %jmp T_1.6;
T_1.4 ;
    %load/vec4 v00000220018866e0_0;
    %store/vec4 v0000022001886820_0, 0, 1;
    %jmp T_1.6;
T_1.5 ;
    %load/vec4 v0000022001886780_0;
    %store/vec4 v0000022001886820_0, 0, 1;
    %jmp T_1.6;
T_1.6 ;
    %pop/vec4 1;
    %load/vec4 v00000220016f4810_0;
    %load/vec4 v0000022001886820_0;
    %cmp/e;
    %jmp/0xz  T_1.7, 4;
    %vpi_call 2 41 "$display", "PASS | a=%b b=%b c=%b d=%b | s0=%b s1=%b | y=%b", v00000220018865a0_0, v0000022001886640_0, v00000220018866e0_0, v0000022001886780_0, v00000220016f46d0_0, v00000220016f4770_0, v00000220016f4810_0 {0 0 0};
    %jmp T_1.8;
T_1.7 ;
    %vpi_call 2 43 "$display", "FAIL | a=%b b=%b c=%b d=%b | s0=%b s1=%b | y=%b expected=%b", v00000220018865a0_0, v0000022001886640_0, v00000220018866e0_0, v0000022001886780_0, v00000220016f46d0_0, v00000220016f4770_0, v00000220016f4810_0, v0000022001886820_0 {0 0 0};
T_1.8 ;
    ; show_stmt_assign_vector: Get l-value for compressed += operand
    %load/vec4 v00000220016f4630_0;
    %pushi/vec4 1, 0, 32;
    %add;
    %store/vec4 v00000220016f4630_0, 0, 32;
    %jmp T_1.0;
T_1.1 ;
    %vpi_call 2 46 "$finish" {0 0 0};
    %end;
    .thread T_1;
# The file index is used to find the file name in the following table.
:file_names 4;
    "N/A";
    "<interactive>";
    "tb/mux_4to1_tb.v";
    "rtl/mux_4to1.v";
