#! /c/Source/iverilog-install/bin/vvp
:ivl_version "12.0 (devel)" "(s20150603-1110-g18392a46)";
:ivl_delay_selection "TYPICAL";
:vpi_time_precision + 0;
:vpi_module "C:\iverilog\lib\ivl\system.vpi";
:vpi_module "C:\iverilog\lib\ivl\vhdl_sys.vpi";
:vpi_module "C:\iverilog\lib\ivl\vhdl_textio.vpi";
:vpi_module "C:\iverilog\lib\ivl\v2005_math.vpi";
:vpi_module "C:\iverilog\lib\ivl\va_math.vpi";
S_000001a55ca0aff0 .scope module, "half_sub_tb" "half_sub_tb" 2 1;
 .timescale 0 0;
v000001a55ca0b3b0_0 .var "a", 0 0;
v000001a55ca063d0_0 .var "b", 0 0;
v000001a55ca06470_0 .net "borrow", 0 0, L_000001a55ca06aa0;  1 drivers
v000001a55ca06510_0 .net "diff", 0 0, L_000001a55ca095c0;  1 drivers
S_000001a55ca0b180 .scope module, "dut" "half_sub" 2 8, 3 1 0, S_000001a55ca0aff0;
 .timescale 0 0;
    .port_info 0 /INPUT 1 "a";
    .port_info 1 /INPUT 1 "b";
    .port_info 2 /OUTPUT 1 "diff";
    .port_info 3 /OUTPUT 1 "borrow";
L_000001a55ca095c0 .functor XOR 1, v000001a55ca0b3b0_0, v000001a55ca063d0_0, C4<0>, C4<0>;
L_000001a55ca08270 .functor NOT 1, v000001a55ca0b3b0_0, C4<0>, C4<0>, C4<0>;
L_000001a55ca06aa0 .functor AND 1, L_000001a55ca08270, v000001a55ca063d0_0, C4<1>, C4<1>;
v000001a55ca06cc0_0 .net *"_ivl_2", 0 0, L_000001a55ca08270;  1 drivers
v000001a55ca55a40_0 .net "a", 0 0, v000001a55ca0b3b0_0;  1 drivers
v000001a55ca081d0_0 .net "b", 0 0, v000001a55ca063d0_0;  1 drivers
v000001a55ca09520_0 .net "borrow", 0 0, L_000001a55ca06aa0;  alias, 1 drivers
v000001a55ca0b310_0 .net "diff", 0 0, L_000001a55ca095c0;  alias, 1 drivers
    .scope S_000001a55ca0aff0;
T_0 ;
    %vpi_call 2 16 "$dumpfile", "half_sub.vcd" {0 0 0};
    %vpi_call 2 17 "$dumpvars", 32'sb00000000000000000000000000000000, S_000001a55ca0aff0 {0 0 0};
    %vpi_call 2 19 "$monitor", "Time=%0t a=%b b=%b diff=%b borrow=%b", $time, v000001a55ca0b3b0_0, v000001a55ca063d0_0, v000001a55ca06510_0, v000001a55ca06470_0 {0 0 0};
    %pushi/vec4 0, 0, 1;
    %store/vec4 v000001a55ca0b3b0_0, 0, 1;
    %pushi/vec4 0, 0, 1;
    %store/vec4 v000001a55ca063d0_0, 0, 1;
    %delay 10, 0;
    %pushi/vec4 0, 0, 1;
    %store/vec4 v000001a55ca0b3b0_0, 0, 1;
    %pushi/vec4 1, 0, 1;
    %store/vec4 v000001a55ca063d0_0, 0, 1;
    %delay 10, 0;
    %pushi/vec4 1, 0, 1;
    %store/vec4 v000001a55ca0b3b0_0, 0, 1;
    %pushi/vec4 0, 0, 1;
    %store/vec4 v000001a55ca063d0_0, 0, 1;
    %delay 10, 0;
    %pushi/vec4 1, 0, 1;
    %store/vec4 v000001a55ca0b3b0_0, 0, 1;
    %pushi/vec4 1, 0, 1;
    %store/vec4 v000001a55ca063d0_0, 0, 1;
    %delay 10, 0;
    %vpi_call 2 33 "$finish" {0 0 0};
    %end;
    .thread T_0;
# The file index is used to find the file name in the following table.
:file_names 4;
    "N/A";
    "<interactive>";
    "tb/half_sub_tb.v";
    "rtl/half_sub.v";
