#! /c/Source/iverilog-install/bin/vvp
:ivl_version "12.0 (devel)" "(s20150603-1110-g18392a46)";
:ivl_delay_selection "TYPICAL";
:vpi_time_precision + 0;
:vpi_module "C:\iverilog\lib\ivl\system.vpi";
:vpi_module "C:\iverilog\lib\ivl\vhdl_sys.vpi";
:vpi_module "C:\iverilog\lib\ivl\vhdl_textio.vpi";
:vpi_module "C:\iverilog\lib\ivl\v2005_math.vpi";
:vpi_module "C:\iverilog\lib\ivl\va_math.vpi";
S_000002306dfc8830 .scope module, "nor_gate_tb" "nor_gate_tb" 2 1;
 .timescale 0 0;
v000002306dfc67d0_0 .var "a", 0 0;
v000002306dfc89c0_0 .var "b", 0 0;
v000002306dfc8a60_0 .net "y", 0 0, L_000002306dfcbf00;  1 drivers
S_000002306e014ef0 .scope module, "dut" "nor_gate" 2 7, 3 1 0, S_000002306dfc8830;
 .timescale 0 0;
    .port_info 0 /INPUT 1 "a";
    .port_info 1 /INPUT 1 "b";
    .port_info 2 /OUTPUT 1 "y";
L_000002306dfc6870 .functor OR 1, v000002306dfc67d0_0, v000002306dfc89c0_0, C4<0>, C4<0>;
L_000002306dfcbf00 .functor NOT 1, L_000002306dfc6870, C4<0>, C4<0>, C4<0>;
v000002306dfc6cc0_0 .net *"_ivl_0", 0 0, L_000002306dfc6870;  1 drivers
v000002306dfc6ee0_0 .net "a", 0 0, v000002306dfc67d0_0;  1 drivers
v000002306dfc85d0_0 .net "b", 0 0, v000002306dfc89c0_0;  1 drivers
v000002306dfcbe60_0 .net "y", 0 0, L_000002306dfcbf00;  alias, 1 drivers
    .scope S_000002306dfc8830;
T_0 ;
    %vpi_call 2 14 "$dumpfile", "nor_gate.vcd" {0 0 0};
    %vpi_call 2 15 "$dumpvars", 32'sb00000000000000000000000000000000, S_000002306dfc8830 {0 0 0};
    %vpi_call 2 17 "$monitor", "Time=%0t a=%b b=%b y=%b", $time, v000002306dfc67d0_0, v000002306dfc89c0_0, v000002306dfc8a60_0 {0 0 0};
    %pushi/vec4 0, 0, 1;
    %store/vec4 v000002306dfc67d0_0, 0, 1;
    %pushi/vec4 0, 0, 1;
    %store/vec4 v000002306dfc89c0_0, 0, 1;
    %delay 10, 0;
    %pushi/vec4 0, 0, 1;
    %store/vec4 v000002306dfc67d0_0, 0, 1;
    %pushi/vec4 1, 0, 1;
    %store/vec4 v000002306dfc89c0_0, 0, 1;
    %delay 10, 0;
    %pushi/vec4 1, 0, 1;
    %store/vec4 v000002306dfc67d0_0, 0, 1;
    %pushi/vec4 0, 0, 1;
    %store/vec4 v000002306dfc89c0_0, 0, 1;
    %delay 10, 0;
    %pushi/vec4 1, 0, 1;
    %store/vec4 v000002306dfc67d0_0, 0, 1;
    %pushi/vec4 1, 0, 1;
    %store/vec4 v000002306dfc89c0_0, 0, 1;
    %delay 10, 0;
    %vpi_call 2 37 "$finish" {0 0 0};
    %end;
    .thread T_0;
# The file index is used to find the file name in the following table.
:file_names 4;
    "N/A";
    "<interactive>";
    "tb/nor_gate_tb.v";
    "rtl/nor_gate.v";
