#! /c/Source/iverilog-install/bin/vvp
:ivl_version "12.0 (devel)" "(s20150603-1110-g18392a46)";
:ivl_delay_selection "TYPICAL";
:vpi_time_precision + 0;
:vpi_module "C:\iverilog\lib\ivl\system.vpi";
:vpi_module "C:\iverilog\lib\ivl\vhdl_sys.vpi";
:vpi_module "C:\iverilog\lib\ivl\vhdl_textio.vpi";
:vpi_module "C:\iverilog\lib\ivl\v2005_math.vpi";
:vpi_module "C:\iverilog\lib\ivl\va_math.vpi";
S_0000023f7f4f4e50 .scope module, "not_gate_tb" "not_gate_tb" 2 1;
 .timescale 0 0;
v0000023f7f4f1150_0 .var "a", 0 0;
v0000023f7f4f0b10_0 .net "y", 0 0, L_0000023f7f4a98a0;  1 drivers
S_0000023f7f4f4fe0 .scope module, "dut" "not_gate" 2 6, 3 1 0, S_0000023f7f4f4e50;
 .timescale 0 0;
    .port_info 0 /INPUT 1 "a";
    .port_info 1 /OUTPUT 1 "y";
L_0000023f7f4a98a0 .functor NOT 1, v0000023f7f4f1150_0, C4<0>, C4<0>, C4<0>;
v0000023f7f4a6cc0_0 .net "a", 0 0, v0000023f7f4f1150_0;  1 drivers
v0000023f7f4f0890_0 .net "y", 0 0, L_0000023f7f4a98a0;  alias, 1 drivers
    .scope S_0000023f7f4f4e50;
T_0 ;
    %vpi_call 2 12 "$dumpfile", "not_gate.vcd" {0 0 0};
    %vpi_call 2 13 "$dumpvars", 32'sb00000000000000000000000000000000, S_0000023f7f4f4e50 {0 0 0};
    %vpi_call 2 15 "$monitor", "Time=%0t a=%b y=%b", $time, v0000023f7f4f1150_0, v0000023f7f4f0b10_0 {0 0 0};
    %pushi/vec4 0, 0, 1;
    %store/vec4 v0000023f7f4f1150_0, 0, 1;
    %delay 10, 0;
    %pushi/vec4 1, 0, 1;
    %store/vec4 v0000023f7f4f1150_0, 0, 1;
    %delay 10, 0;
    %vpi_call 2 23 "$finish" {0 0 0};
    %end;
    .thread T_0;
# The file index is used to find the file name in the following table.
:file_names 4;
    "N/A";
    "<interactive>";
    "tb/not_gate_tb.v";
    "rtl/not_gate.v";
