#! /c/Source/iverilog-install/bin/vvp
:ivl_version "12.0 (devel)" "(s20150603-1110-g18392a46)";
:ivl_delay_selection "TYPICAL";
:vpi_time_precision + 0;
:vpi_module "C:\iverilog\lib\ivl\system.vpi";
:vpi_module "C:\iverilog\lib\ivl\vhdl_sys.vpi";
:vpi_module "C:\iverilog\lib\ivl\vhdl_textio.vpi";
:vpi_module "C:\iverilog\lib\ivl\v2005_math.vpi";
:vpi_module "C:\iverilog\lib\ivl\va_math.vpi";
S_000001fcc889b0a0 .scope module, "xnor_gate_tb" "xnor_gate_tb" 2 1;
 .timescale 0 0;
v000001fcc88e5100_0 .var "a", 0 0;
v000001fcc88e51a0_0 .var "b", 0 0;
v000001fcc8932360_0 .net "y", 0 0, L_000001fcc88e2da0;  1 drivers
S_000001fcc88e4f70 .scope module, "dut" "xnor_gate" 2 7, 3 1 0, S_000001fcc889b0a0;
 .timescale 0 0;
    .port_info 0 /INPUT 1 "a";
    .port_info 1 /INPUT 1 "b";
    .port_info 2 /OUTPUT 1 "y";
L_000001fcc8896870 .functor NOT 1, v000001fcc88e5100_0, C4<0>, C4<0>, C4<0>;
L_000001fcc8896aa0 .functor AND 1, L_000001fcc8896870, v000001fcc88e51a0_0, C4<1>, C4<1>;
L_000001fcc88e5240 .functor NOT 1, v000001fcc88e51a0_0, C4<0>, C4<0>, C4<0>;
L_000001fcc88e52b0 .functor AND 1, v000001fcc88e5100_0, L_000001fcc88e5240, C4<1>, C4<1>;
L_000001fcc88e5320 .functor OR 1, L_000001fcc8896aa0, L_000001fcc88e52b0, C4<0>, C4<0>;
L_000001fcc88e2da0 .functor NOT 1, L_000001fcc88e5320, C4<0>, C4<0>, C4<0>;
v000001fcc8896cc0_0 .net *"_ivl_0", 0 0, L_000001fcc8896870;  1 drivers
v000001fcc8896ee0_0 .net *"_ivl_2", 0 0, L_000001fcc8896aa0;  1 drivers
v000001fcc889be90_0 .net *"_ivl_4", 0 0, L_000001fcc88e5240;  1 drivers
v000001fcc88967d0_0 .net *"_ivl_6", 0 0, L_000001fcc88e52b0;  1 drivers
v000001fcc8899590_0 .net *"_ivl_8", 0 0, L_000001fcc88e5320;  1 drivers
v000001fcc8899630_0 .net "a", 0 0, v000001fcc88e5100_0;  1 drivers
v000001fcc889b230_0 .net "b", 0 0, v000001fcc88e51a0_0;  1 drivers
v000001fcc889b2d0_0 .net "y", 0 0, L_000001fcc88e2da0;  alias, 1 drivers
    .scope S_000001fcc889b0a0;
T_0 ;
    %vpi_call 2 14 "$dumpfile", "xnor_gate.vcd" {0 0 0};
    %vpi_call 2 15 "$dumpvars", 32'sb00000000000000000000000000000000, S_000001fcc889b0a0 {0 0 0};
    %vpi_call 2 17 "$monitor", "Time=%0t a=%b b=%b y=%b", $time, v000001fcc88e5100_0, v000001fcc88e51a0_0, v000001fcc8932360_0 {0 0 0};
    %pushi/vec4 0, 0, 1;
    %store/vec4 v000001fcc88e5100_0, 0, 1;
    %pushi/vec4 0, 0, 1;
    %store/vec4 v000001fcc88e51a0_0, 0, 1;
    %delay 10, 0;
    %pushi/vec4 0, 0, 1;
    %store/vec4 v000001fcc88e5100_0, 0, 1;
    %pushi/vec4 1, 0, 1;
    %store/vec4 v000001fcc88e51a0_0, 0, 1;
    %delay 10, 0;
    %pushi/vec4 1, 0, 1;
    %store/vec4 v000001fcc88e5100_0, 0, 1;
    %pushi/vec4 0, 0, 1;
    %store/vec4 v000001fcc88e51a0_0, 0, 1;
    %delay 10, 0;
    %pushi/vec4 1, 0, 1;
    %store/vec4 v000001fcc88e5100_0, 0, 1;
    %pushi/vec4 1, 0, 1;
    %store/vec4 v000001fcc88e51a0_0, 0, 1;
    %delay 10, 0;
    %vpi_call 2 37 "$finish" {0 0 0};
    %end;
    .thread T_0;
# The file index is used to find the file name in the following table.
:file_names 4;
    "N/A";
    "<interactive>";
    "tb/xnor_gate_tb.v";
    "rtl/xnor_gate.v";
