#! /c/Source/iverilog-install/bin/vvp
:ivl_version "12.0 (devel)" "(s20150603-1110-g18392a46)";
:ivl_delay_selection "TYPICAL";
:vpi_time_precision + 0;
:vpi_module "C:\iverilog\lib\ivl\system.vpi";
:vpi_module "C:\iverilog\lib\ivl\vhdl_sys.vpi";
:vpi_module "C:\iverilog\lib\ivl\vhdl_textio.vpi";
:vpi_module "C:\iverilog\lib\ivl\v2005_math.vpi";
:vpi_module "C:\iverilog\lib\ivl\va_math.vpi";
S_000001baf55baea0 .scope module, "xor_gate_tb" "xor_gate_tb" 2 1;
 .timescale 0 0;
v000001baf55bbd30_0 .var "a", 0 0;
v000001baf55bbdd0_0 .var "b", 0 0;
v000001baf55bbe70_0 .net "y", 0 0, L_000001baf5435170;  1 drivers
S_000001baf5434f70 .scope module, "dut" "xor_gate" 2 7, 3 1 0, S_000001baf55baea0;
 .timescale 0 0;
    .port_info 0 /INPUT 1 "a";
    .port_info 1 /INPUT 1 "b";
    .port_info 2 /OUTPUT 1 "y";
L_000001baf55b6870 .functor NOT 1, v000001baf55bbd30_0, C4<0>, C4<0>, C4<0>;
L_000001baf55b9470 .functor AND 1, L_000001baf55b6870, v000001baf55bbdd0_0, C4<1>, C4<1>;
L_000001baf55b6aa0 .functor NOT 1, v000001baf55bbdd0_0, C4<0>, C4<0>, C4<0>;
L_000001baf5435100 .functor AND 1, v000001baf55bbd30_0, L_000001baf55b6aa0, C4<1>, C4<1>;
L_000001baf5435170 .functor OR 1, L_000001baf55b9470, L_000001baf5435100, C4<0>, C4<0>;
v000001baf55b6cc0_0 .net *"_ivl_0", 0 0, L_000001baf55b6870;  1 drivers
v000001baf55b6ee0_0 .net *"_ivl_2", 0 0, L_000001baf55b9470;  1 drivers
v000001baf55b67d0_0 .net *"_ivl_4", 0 0, L_000001baf55b6aa0;  1 drivers
v000001baf55b93d0_0 .net *"_ivl_6", 0 0, L_000001baf5435100;  1 drivers
v000001baf55bb030_0 .net "a", 0 0, v000001baf55bbd30_0;  1 drivers
v000001baf55bb0d0_0 .net "b", 0 0, v000001baf55bbdd0_0;  1 drivers
v000001baf55bbc90_0 .net "y", 0 0, L_000001baf5435170;  alias, 1 drivers
    .scope S_000001baf55baea0;
T_0 ;
    %vpi_call 2 14 "$dumpfile", "xor_gate.vcd" {0 0 0};
    %vpi_call 2 15 "$dumpvars", 32'sb00000000000000000000000000000000, S_000001baf55baea0 {0 0 0};
    %vpi_call 2 17 "$monitor", "Time=%0t a=%b b=%b y=%b", $time, v000001baf55bbd30_0, v000001baf55bbdd0_0, v000001baf55bbe70_0 {0 0 0};
    %pushi/vec4 0, 0, 1;
    %store/vec4 v000001baf55bbd30_0, 0, 1;
    %pushi/vec4 0, 0, 1;
    %store/vec4 v000001baf55bbdd0_0, 0, 1;
    %delay 10, 0;
    %pushi/vec4 0, 0, 1;
    %store/vec4 v000001baf55bbd30_0, 0, 1;
    %pushi/vec4 1, 0, 1;
    %store/vec4 v000001baf55bbdd0_0, 0, 1;
    %delay 10, 0;
    %pushi/vec4 1, 0, 1;
    %store/vec4 v000001baf55bbd30_0, 0, 1;
    %pushi/vec4 0, 0, 1;
    %store/vec4 v000001baf55bbdd0_0, 0, 1;
    %delay 10, 0;
    %pushi/vec4 1, 0, 1;
    %store/vec4 v000001baf55bbd30_0, 0, 1;
    %pushi/vec4 1, 0, 1;
    %store/vec4 v000001baf55bbdd0_0, 0, 1;
    %delay 10, 0;
    %vpi_call 2 37 "$finish" {0 0 0};
    %end;
    .thread T_0;
# The file index is used to find the file name in the following table.
:file_names 4;
    "N/A";
    "<interactive>";
    "tb/xor_gate_tb.v";
    "rtl/xor_gate.v";
