#! /c/Source/iverilog-install/bin/vvp
:ivl_version "12.0 (devel)" "(s20150603-1110-g18392a46)";
:ivl_delay_selection "TYPICAL";
:vpi_time_precision + 0;
:vpi_module "C:\iverilog\lib\ivl\system.vpi";
:vpi_module "C:\iverilog\lib\ivl\vhdl_sys.vpi";
:vpi_module "C:\iverilog\lib\ivl\vhdl_textio.vpi";
:vpi_module "C:\iverilog\lib\ivl\v2005_math.vpi";
:vpi_module "C:\iverilog\lib\ivl\va_math.vpi";
S_000001ee49d772a0 .scope module, "full_sub_tb" "full_sub_tb" 2 1;
 .timescale 0 0;
v000001ee49d83e50_0 .var "a", 0 0;
v000001ee49d834f0_0 .var "b", 0 0;
v000001ee49d839f0_0 .var "bin", 0 0;
v000001ee49d83450_0 .net "bout", 0 0, L_000001ee49dd00d0;  1 drivers
v000001ee49d83ef0_0 .net "d", 0 0, L_000001ee49ef6ee0;  1 drivers
v000001ee49d836d0_0 .var/i "i", 31 0;
S_000001ee49efd0a0 .scope module, "dut" "full_sub" 2 7, 3 17 0, S_000001ee49d772a0;
 .timescale 0 0;
    .port_info 0 /INPUT 1 "a";
    .port_info 1 /INPUT 1 "b";
    .port_info 2 /INPUT 1 "bin";
    .port_info 3 /OUTPUT 1 "d";
    .port_info 4 /OUTPUT 1 "bout";
L_000001ee49dd00d0 .functor OR 1, L_000001ee49ef6aa0, L_000001ee49dd0220, C4<0>, C4<0>;
v000001ee49d83810_0 .net "a", 0 0, v000001ee49d83e50_0;  1 drivers
v000001ee49d84170_0 .net "b", 0 0, v000001ee49d834f0_0;  1 drivers
v000001ee49d83db0_0 .net "b1", 0 0, L_000001ee49ef6aa0;  1 drivers
v000001ee49d83770_0 .net "b2", 0 0, L_000001ee49dd0220;  1 drivers
v000001ee49d83f90_0 .net "bin", 0 0, v000001ee49d839f0_0;  1 drivers
v000001ee49d83950_0 .net "bout", 0 0, L_000001ee49dd00d0;  alias, 1 drivers
v000001ee49d840d0_0 .net "d", 0 0, L_000001ee49ef6ee0;  alias, 1 drivers
v000001ee49d838b0_0 .net "d1", 0 0, L_000001ee49efd500;  1 drivers
S_000001ee49efd230 .scope module, "HS1" "half_sub" 3 28, 3 4 0, S_000001ee49efd0a0;
 .timescale 0 0;
    .port_info 0 /INPUT 1 "a";
    .port_info 1 /INPUT 1 "b";
    .port_info 2 /OUTPUT 1 "diff";
    .port_info 3 /OUTPUT 1 "borrow";
L_000001ee49efd500 .functor XOR 1, v000001ee49d83e50_0, v000001ee49d834f0_0, C4<0>, C4<0>;
L_000001ee49d77430 .functor NOT 1, v000001ee49d83e50_0, C4<0>, C4<0>, C4<0>;
L_000001ee49ef6aa0 .functor AND 1, L_000001ee49d77430, v000001ee49d834f0_0, C4<1>, C4<1>;
v000001ee49ef6cc0_0 .net *"_ivl_2", 0 0, L_000001ee49d77430;  1 drivers
v000001ee49d85a40_0 .net "a", 0 0, v000001ee49d83e50_0;  alias, 1 drivers
v000001ee49efd3c0_0 .net "b", 0 0, v000001ee49d834f0_0;  alias, 1 drivers
v000001ee49efd460_0 .net "borrow", 0 0, L_000001ee49ef6aa0;  alias, 1 drivers
v000001ee49ef63d0_0 .net "diff", 0 0, L_000001ee49efd500;  alias, 1 drivers
S_000001ee49ef6470 .scope module, "HS2" "half_sub" 3 36, 3 4 0, S_000001ee49efd0a0;
 .timescale 0 0;
    .port_info 0 /INPUT 1 "a";
    .port_info 1 /INPUT 1 "b";
    .port_info 2 /OUTPUT 1 "diff";
    .port_info 3 /OUTPUT 1 "borrow";
L_000001ee49ef6ee0 .functor XOR 1, L_000001ee49efd500, v000001ee49d839f0_0, C4<0>, C4<0>;
L_000001ee49dd04c0 .functor NOT 1, L_000001ee49efd500, C4<0>, C4<0>, C4<0>;
L_000001ee49dd0220 .functor AND 1, L_000001ee49dd04c0, v000001ee49d839f0_0, C4<1>, C4<1>;
v000001ee49ef6600_0 .net *"_ivl_2", 0 0, L_000001ee49dd04c0;  1 drivers
v000001ee49ef66a0_0 .net "a", 0 0, L_000001ee49efd500;  alias, 1 drivers
v000001ee49d83c70_0 .net "b", 0 0, v000001ee49d839f0_0;  alias, 1 drivers
v000001ee49d83270_0 .net "borrow", 0 0, L_000001ee49dd0220;  alias, 1 drivers
v000001ee49d83d10_0 .net "diff", 0 0, L_000001ee49ef6ee0;  alias, 1 drivers
    .scope S_000001ee49d772a0;
T_0 ;
    %vpi_call 2 16 "$dumpfile", "full_sub.vcd" {0 0 0};
    %vpi_call 2 17 "$dumpvars", 32'sb00000000000000000000000000000000, S_000001ee49d772a0 {0 0 0};
    %vpi_call 2 19 "$monitor", "Time=%0t a=%b b=%b bin=%b d=%b bout=%b", $time, v000001ee49d83e50_0, v000001ee49d834f0_0, v000001ee49d839f0_0, v000001ee49d83ef0_0, v000001ee49d83450_0 {0 0 0};
    %pushi/vec4 0, 0, 32;
    %store/vec4 v000001ee49d836d0_0, 0, 32;
T_0.0 ;
    %load/vec4 v000001ee49d836d0_0;
    %cmpi/s 8, 0, 32;
    %jmp/0xz T_0.1, 5;
    %load/vec4 v000001ee49d836d0_0;
    %pad/s 3;
    %split/vec4 1;
    %store/vec4 v000001ee49d839f0_0, 0, 1;
    %split/vec4 1;
    %store/vec4 v000001ee49d834f0_0, 0, 1;
    %store/vec4 v000001ee49d83e50_0, 0, 1;
    %delay 10, 0;
    ; show_stmt_assign_vector: Get l-value for compressed += operand
    %load/vec4 v000001ee49d836d0_0;
    %pushi/vec4 1, 0, 32;
    %add;
    %store/vec4 v000001ee49d836d0_0, 0, 32;
    %jmp T_0.0;
T_0.1 ;
    %vpi_call 2 26 "$finish" {0 0 0};
    %end;
    .thread T_0;
# The file index is used to find the file name in the following table.
:file_names 4;
    "N/A";
    "<interactive>";
    "tb/full_sub_tb.v";
    "rtl/full_sub.v";
